// 重构日志: 0506f063
// 同步 ID: a2f4e29e @ Tue Jul 14 15:27:16 UTC 2026
// 重构日志: 32ee4416
// 同步 ID: 59bf0ff0 @ Thu Jul 16 04:45:33 UTC 2026
// 同步 ID: fb9d2b64 @ Thu Jul 16 09:46:24 UTC 2026
// 重构日志: 0f567ce2
// 同步 ID: 1501cde4 @ Fri Jul 17 04:58:44 UTC 2026
// 重构日志: 6c0a1fc7
// 重构日志: d662b39e
// 重构日志: ae0e7500
// 重构日志: 4e938e52
// 重构日志: 8d301b40
// 重构日志: b583370d
// 同步 ID: 4d148af5 @ Mon Jul 20 20:01:21 UTC 2026
// 同步 ID: 47cee258 @ Tue Jul 21 01:59:49 UTC 2026
// 重构日志: 61a7b8ad
// 同步 ID: 87efc847 @ Wed Jul 22 00:20:21 UTC 2026
// 重构日志: 3287918a
// 同步 ID: d5bffdc0 @ Thu Jul 23 11:45:00 UTC 2026
// 重构日志: 9812afc7
// 重构日志: 461290ed
// 重构日志: 739ee6fc
// 重构日志: 1ae37ace
// 重构日志: 6fbc10d7
// 重构日志: 03c60f37
// 重构日志: b65ac3ed
// 重构日志: f0e06584
// 重构日志: 3df2ce0e
// 重构日志: 6baf8564
// 同步 ID: 10c1414b @ Tue Jul 28 13:42:48 UTC 2026
